// Vitest Snapshot v1, https://vitest.dev/guide/snapshot.html

exports[`workflow-lines-manager > test get all node inputs and outputs 1`] = `
[
  {
    "allInputs": [],
    "allOutput": [
      {
        "data": undefined,
        "id": "end_0",
        "meta": {
          "position": {
            "x": 800,
            "y": 0,
          },
        },
        "type": "end",
      },
    ],
  },
  {
    "allInputs": [
      {
        "data": undefined,
        "id": "start_0",
        "meta": {
          "position": {
            "x": 0,
            "y": 0,
          },
        },
        "type": "start",
      },
    ],
    "allOutput": [],
  },
]
`;
