// Vitest Snapshot v1, https://vitest.dev/guide/snapshot.html

exports[`flow-node-transition-data > get lines and labels for all nodes 1`] = `
{
  "$blockIcon$dynamicSplit_0": {
    "labels": [
      {
        "offset": {
          "x": 0,
          "y": 168,
        },
        "type": 0,
      },
    ],
    "lines": [
      {
        "from": {
          "x": 0,
          "y": 152,
        },
        "to": {
          "x": 0,
          "y": 184,
        },
        "type": 0,
      },
    ],
  },
  "$blockOrderIcon$block_0": {
    "labels": [],
    "lines": [],
  },
  "$blockOrderIcon$block_1": {
    "labels": [
      {
        "offset": {
          "x": 0,
          "y": 260,
        },
        "type": 0,
      },
    ],
    "lines": [
      {
        "from": {
          "x": 0,
          "y": 244,
        },
        "to": {
          "x": 0,
          "y": 276,
        },
        "type": 0,
      },
    ],
  },
  "$blockOrderIcon$block_2": {
    "labels": [],
    "lines": [],
  },
  "$inlineBlocks$dynamicSplit_0": {
    "labels": [],
    "lines": [],
  },
  "block_0": {
    "labels": [],
    "lines": [],
  },
  "block_1": {
    "labels": [],
    "lines": [],
  },
  "block_2": {
    "labels": [],
    "lines": [],
  },
  "dynamicSplit_0": {
    "labels": [
      {
        "offset": {
          "x": 0,
          "y": 352,
        },
        "type": 0,
      },
    ],
    "lines": [
      {
        "from": {
          "x": 0,
          "y": 336,
        },
        "to": {
          "x": 0,
          "y": 368,
        },
        "type": 0,
      },
    ],
  },
  "end_0": {
    "labels": [],
    "lines": [],
  },
  "noop_0": {
    "labels": [],
    "lines": [],
  },
  "root": {
    "labels": [],
    "lines": [],
  },
  "start_0": {
    "labels": [
      {
        "offset": {
          "x": 0,
          "y": 76,
        },
        "type": 0,
      },
    ],
    "lines": [
      {
        "from": {
          "x": 0,
          "y": 60,
        },
        "to": {
          "x": 0,
          "y": 92,
        },
        "type": 0,
      },
    ],
  },
}
`;
