// Vitest Snapshot v1, https://vitest.dev/guide/snapshot.html

exports[`flow-drag-entity > flow drag scroll 1`] = `undefined`;

exports[`flow-drag-entity > flow drag scroll 2`] = `0`;

exports[`flow-drag-entity > flow drag scroll 3`] = `2`;

exports[`flow-drag-entity > flow drag scroll 4`] = `3`;

exports[`flow-drag-entity > flow drag scroll 5`] = `1`;
