// Vitest Snapshot v1, https://vitest.dev/guide/snapshot.html

exports[`flow-selector-box-layer > test ready 1`] = `undefined`;
