// Vitest Snapshot v1, https://vitest.dev/guide/snapshot.html

exports[`flow-drag-layer > test ready 1`] = `undefined`;
