// Vitest Snapshot v1, https://vitest.dev/guide/snapshot.html

exports[`history-manager > merge operation should update history stack 1`] = `
[
  {
    "operations": [
      {
        "type": "insert-text",
        "uri": "file:///mock URI",
        "value": {
          "index": 0,
          "text": "test",
        },
      },
      {
        "type": "insert-text",
        "uri": "file:///mock URI",
        "value": {
          "index": 4,
          "text": "test",
        },
      },
    ],
    "type": "push",
    "uri": "file:///editor2",
  },
  {
    "operations": [
      {
        "type": "insert-text",
        "uri": "file:///mock URI",
        "value": {
          "index": 0,
          "text": "test",
        },
      },
      {
        "type": "insert-text",
        "uri": "file:///mock URI",
        "value": {
          "index": 4,
          "text": "test",
        },
      },
    ],
    "type": "push",
    "uri": "file:///editor1",
  },
]
`;
