// Vitest Snapshot v1, https://vitest.dev/guide/snapshot.html

exports[`flow-document > add split node 1`] = `
"root
|-- start_0
|-- dynamicSplit_0
|---- $blockIcon$dynamicSplit_0
|---- $inlineBlocks$dynamicSplit_0
|------ block_0
|-------- $blockOrderIcon$block_0
|------ block_1
|-------- $blockOrderIcon$block_1
|-------- noop_0
|------ new_split2
|-------- $blockIcon$new_split2
|-------- $inlineBlocks$new_split2
|---------- nb1
|------------ $blockOrderIcon$nb1
|---------- nb2
|------------ $blockOrderIcon$nb2
|-- new_split
|---- $blockIcon$new_split
|---- $inlineBlocks$new_split
|------ b1
|-------- $blockOrderIcon$b1
|------ b2
|-------- $blockOrderIcon$b2
|-- end_0"
`;
